snippet from orca output, for reading of frequencies

-----------------------
VIBRATIONAL FREQUENCIES
-----------------------

Scaling factor for frequencies =  1.000000000  (already applied!)

   0:         0.00 cm**-1
   1:         0.00 cm**-1
   2:         0.00 cm**-1
   3:         0.00 cm**-1
   4:         0.00 cm**-1
   5:         0.00 cm**-1
   6:     -4845.14 cm**-1 ***imaginary mode***
   7:      -819.13 cm**-1 ***imaginary mode***
   8:      -584.08 cm**-1 ***imaginary mode***
   9:      -583.86 cm**-1 ***imaginary mode***
  10:      1198.30 cm**-1
  11:      2953.17 cm**-1
  12:      2988.80 cm**-1
  13:      3309.58 cm**-1
  14:      3309.63 cm**-1


------------
NORMAL MODES
------------

These modes are the Cartesian displacements weighted by the diagonal matrix
M(i,i)=1/sqrt(m[i]) where m[i] is the mass of the displaced atom
Thus, these vectors are normalized but *not* orthogonal

                  0          1          2          3          4          5
      0       0.000000   0.000000   0.000000   0.000000   0.000000   0.000000
      1       0.000000   0.000000   0.000000   0.000000   0.000000   0.000000
      2       0.000000   0.000000   0.000000   0.000000   0.000000   0.000000
      3       0.000000   0.000000   0.000000   0.000000   0.000000   0.000000
      4       0.000000   0.000000   0.000000   0.000000   0.000000   0.000000
      5       0.000000   0.000000   0.000000   0.000000   0.000000   0.000000
      6       0.000000   0.000000   0.000000   0.000000   0.000000   0.000000
      7       0.000000   0.000000   0.000000   0.000000   0.000000   0.000000
      8       0.000000   0.000000   0.000000   0.000000   0.000000   0.000000
      9       0.000000   0.000000   0.000000   0.000000   0.000000   0.000000
     10       0.000000   0.000000   0.000000   0.000000   0.000000   0.000000
     11       0.000000   0.000000   0.000000   0.000000   0.000000   0.000000
     12       0.000000   0.000000   0.000000   0.000000   0.000000   0.000000
     13       0.000000   0.000000   0.000000   0.000000   0.000000   0.000000
     14       0.000000   0.000000   0.000000   0.000000   0.000000   0.000000
                  6          7          8          9         10         11
      0      -0.000000   0.000000  -0.056775  -0.089134   0.000008   0.000394
      1       0.000000   0.000000  -0.089130   0.056782  -0.000519  -0.000039
      2       0.000000  -0.165530  -0.000000  -0.000000   0.000000   0.000000
      3       0.000000  -0.000000   0.378384   0.588492  -0.500018  -0.000671
      4      -0.000000   0.000000  -0.059655   0.036680   0.000117  -0.499775
      5       0.499976   0.493139   0.000000  -0.000000   0.000000  -0.000000
      6       0.000000  -0.000000   0.375511   0.590352   0.499974  -0.002279
      7       0.000000   0.000000  -0.057136   0.040626   0.001725   0.500214
      8       0.500019   0.493060   0.000000  -0.000000   0.000000  -0.000000
      9       0.000000  -0.000000  -0.038706  -0.058479   0.000789  -0.500876
     10      -0.000000  -0.000000   0.590964  -0.377962  -0.497828  -0.000801
     11      -0.501584   0.491408   0.000000   0.000000  -0.000000   0.000000
     12       0.000000   0.000000  -0.038670  -0.058273  -0.000844   0.499126
     13      -0.000000  -0.000000   0.587873  -0.375934   0.502166   0.000830
     14      -0.498416   0.494797   0.000000   0.000000  -0.000000   0.000000
                  12         13         14
      0      -0.000083   0.067702   0.089971
      1      -0.000038  -0.089966   0.067707
      2      -0.000000   0.000000   0.000000
      3      -0.000692   0.019421   0.024281
      4      -0.499738   0.561489  -0.421873
      5      -0.000000   0.000000   0.000000
      6      -0.002271   0.016087   0.026780
      7       0.500261   0.561639  -0.420349
      8      -0.000000   0.000000   0.000000
      9       0.501967  -0.419742  -0.559691
     10       0.000796  -0.025718   0.017900
     11       0.000000  -0.000000  -0.000000
     12      -0.498019  -0.422479  -0.563437
     13      -0.000867  -0.025406   0.017550
     14       0.000000  -0.000000  -0.000000


-----------
IR SPECTRUM
-----------
 and there is more at the bottom of this file as well, not needed really